Analysis & Synthesis report for COPE
Wed Mar 18 17:39:33 2026
Quartus II Version 9.1 Build 350 03/24/2010 Service Pack 2 SJ Web Edition


---------------------
; Table of Contents ;
---------------------
  1. Legal Notice
  2. Analysis & Synthesis Summary
  3. Analysis & Synthesis Settings
  4. Parallel Compilation
  5. Analysis & Synthesis Source Files Read
  6. Analysis & Synthesis Resource Usage Summary
  7. Analysis & Synthesis Resource Utilization by Entity
  8. General Register Statistics
  9. Multiplexer Restructuring Statistics (Restructuring Performed)
 10. Parameter Settings for User Entity Instance: lpm_mux1:inst31|lpm_mux:lpm_mux_component
 11. Parameter Settings for User Entity Instance: lpm_add_sub0:inst|lpm_add_sub:lpm_add_sub_component
 12. Parameter Settings for User Entity Instance: lpm_or0:inst21|lpm_or:lpm_or_component
 13. Parameter Settings for User Entity Instance: lpm_mux0:inst28|lpm_mux:lpm_mux_component
 14. Parameter Settings for User Entity Instance: lpm_or1:inst27|lpm_or:lpm_or_component
 15. Parameter Settings for User Entity Instance: lpm_clshift1:inst20|lpm_clshift:lpm_clshift_component
 16. Parameter Settings for User Entity Instance: lpm_clshift0:inst19|lpm_clshift:lpm_clshift_component
 17. Parameter Settings for User Entity Instance: lpm_and0:inst22|lpm_and:lpm_and_component
 18. Parameter Settings for User Entity Instance: lpm_xor0:inst23|lpm_xor:lpm_xor_component
 19. Analysis & Synthesis Messages



----------------
; Legal Notice ;
----------------
Copyright (C) 1991-2010 Altera Corporation
Your use of Altera Corporation's design tools, logic functions 
and other software and tools, and its AMPP partner logic 
functions, and any output files from any of the foregoing 
(including device programming or simulation files), and any 
associated documentation or information are expressly subject 
to the terms and conditions of the Altera Program License 
Subscription Agreement, Altera MegaCore Function License 
Agreement, or other applicable license agreement, including, 
without limitation, that your use is for the sole purpose of 
programming logic devices manufactured by Altera and sold by 
Altera or its authorized distributors.  Please refer to the 
applicable agreement for further details.



+-----------------------------------------------------------------------------------+
; Analysis & Synthesis Summary                                                      ;
+------------------------------------+----------------------------------------------+
; Analysis & Synthesis Status        ; Successful - Wed Mar 18 17:39:33 2026        ;
; Quartus II Version                 ; 9.1 Build 350 03/24/2010 SP 2 SJ Web Edition ;
; Revision Name                      ; COPE                                         ;
; Top-level Entity Name              ; ALU                                          ;
; Family                             ; Cyclone III                                  ;
; Total logic elements               ; 542                                          ;
;     Total combinational functions  ; 542                                          ;
;     Dedicated logic registers      ; 0                                            ;
; Total registers                    ; 0                                            ;
; Total pins                         ; 100                                          ;
; Total virtual pins                 ; 0                                            ;
; Total memory bits                  ; 0                                            ;
; Embedded Multiplier 9-bit elements ; 0                                            ;
; Total PLLs                         ; 0                                            ;
+------------------------------------+----------------------------------------------+


+----------------------------------------------------------------------------------------------------------------------+
; Analysis & Synthesis Settings                                                                                        ;
+----------------------------------------------------------------------------+--------------------+--------------------+
; Option                                                                     ; Setting            ; Default Value      ;
+----------------------------------------------------------------------------+--------------------+--------------------+
; Device                                                                     ; EP3C120F780C8      ;                    ;
; Top-level entity name                                                      ; ALU                ; COPE               ;
; Family name                                                                ; Cyclone III        ; Stratix II         ;
; Use Generated Physical Constraints File                                    ; Off                ;                    ;
; Use smart compilation                                                      ; Off                ; Off                ;
; Enable parallel Assembler and TimeQuest Timing Analyzer during compilation ; On                 ; On                 ;
; Enable compact report table                                                ; Off                ; Off                ;
; Restructure Multiplexers                                                   ; Auto               ; Auto               ;
; Create Debugging Nodes for IP Cores                                        ; Off                ; Off                ;
; Preserve fewer node names                                                  ; On                 ; On                 ;
; Disable OpenCore Plus hardware evaluation                                  ; Off                ; Off                ;
; Verilog Version                                                            ; Verilog_2001       ; Verilog_2001       ;
; VHDL Version                                                               ; VHDL_1993          ; VHDL_1993          ;
; State Machine Processing                                                   ; Auto               ; Auto               ;
; Safe State Machine                                                         ; Off                ; Off                ;
; Extract Verilog State Machines                                             ; On                 ; On                 ;
; Extract VHDL State Machines                                                ; On                 ; On                 ;
; Ignore Verilog initial constructs                                          ; Off                ; Off                ;
; Iteration limit for constant Verilog loops                                 ; 5000               ; 5000               ;
; Iteration limit for non-constant Verilog loops                             ; 250                ; 250                ;
; Add Pass-Through Logic to Inferred RAMs                                    ; On                 ; On                 ;
; Parallel Synthesis                                                         ; On                 ; On                 ;
; DSP Block Balancing                                                        ; Auto               ; Auto               ;
; NOT Gate Push-Back                                                         ; On                 ; On                 ;
; Power-Up Don't Care                                                        ; On                 ; On                 ;
; Remove Redundant Logic Cells                                               ; Off                ; Off                ;
; Remove Duplicate Registers                                                 ; On                 ; On                 ;
; Ignore CARRY Buffers                                                       ; Off                ; Off                ;
; Ignore CASCADE Buffers                                                     ; Off                ; Off                ;
; Ignore GLOBAL Buffers                                                      ; Off                ; Off                ;
; Ignore ROW GLOBAL Buffers                                                  ; Off                ; Off                ;
; Ignore LCELL Buffers                                                       ; Off                ; Off                ;
; Ignore SOFT Buffers                                                        ; On                 ; On                 ;
; Limit AHDL Integers to 32 Bits                                             ; Off                ; Off                ;
; Optimization Technique                                                     ; Balanced           ; Balanced           ;
; Carry Chain Length                                                         ; 70                 ; 70                 ;
; Auto Carry Chains                                                          ; On                 ; On                 ;
; Auto Open-Drain Pins                                                       ; On                 ; On                 ;
; Perform WYSIWYG Primitive Resynthesis                                      ; Off                ; Off                ;
; Auto ROM Replacement                                                       ; On                 ; On                 ;
; Auto RAM Replacement                                                       ; On                 ; On                 ;
; Auto DSP Block Replacement                                                 ; On                 ; On                 ;
; Auto Shift Register Replacement                                            ; Auto               ; Auto               ;
; Auto Clock Enable Replacement                                              ; On                 ; On                 ;
; Strict RAM Replacement                                                     ; Off                ; Off                ;
; Allow Synchronous Control Signals                                          ; On                 ; On                 ;
; Force Use of Synchronous Clear Signals                                     ; Off                ; Off                ;
; Auto RAM Block Balancing                                                   ; On                 ; On                 ;
; Auto RAM to Logic Cell Conversion                                          ; Off                ; Off                ;
; Auto Resource Sharing                                                      ; Off                ; Off                ;
; Allow Any RAM Size For Recognition                                         ; Off                ; Off                ;
; Allow Any ROM Size For Recognition                                         ; Off                ; Off                ;
; Allow Any Shift Register Size For Recognition                              ; Off                ; Off                ;
; Use LogicLock Constraints during Resource Balancing                        ; On                 ; On                 ;
; Ignore translate_off and synthesis_off directives                          ; Off                ; Off                ;
; Timing-Driven Synthesis                                                    ; On                 ; On                 ;
; Show Parameter Settings Tables in Synthesis Report                         ; On                 ; On                 ;
; Ignore Maximum Fan-Out Assignments                                         ; Off                ; Off                ;
; Synchronization Register Chain Length                                      ; 2                  ; 2                  ;
; PowerPlay Power Optimization                                               ; Normal compilation ; Normal compilation ;
; HDL message level                                                          ; Level2             ; Level2             ;
; Suppress Register Optimization Related Messages                            ; Off                ; Off                ;
; Number of Removed Registers Reported in Synthesis Report                   ; 5000               ; 5000               ;
; Number of Inverted Registers Reported in Synthesis Report                  ; 100                ; 100                ;
; Clock MUX Protection                                                       ; On                 ; On                 ;
; Auto Gated Clock Conversion                                                ; Off                ; Off                ;
; Block Design Naming                                                        ; Auto               ; Auto               ;
; SDC constraint protection                                                  ; Off                ; Off                ;
; Synthesis Effort                                                           ; Auto               ; Auto               ;
; Shift Register Replacement - Allow Asynchronous Clear Signal               ; On                 ; On                 ;
; Analysis & Synthesis Message Level                                         ; Medium             ; Medium             ;
; Disable Register Merging Across Hierarchies                                ; Auto               ; Auto               ;
; Resource Aware Inference For Block RAM                                     ; On                 ; On                 ;
+----------------------------------------------------------------------------+--------------------+--------------------+


Parallel compilation was disabled, but you have multiple processors available. Enable parallel compilation to reduce compilation time.
+-------------------------------------+
; Parallel Compilation                ;
+----------------------------+--------+
; Processors                 ; Number ;
+----------------------------+--------+
; Number detected on machine ; 14     ;
; Maximum allowed            ; 1      ;
+----------------------------+--------+


+------------------------------------------------------------------------------------------------------------------------------------------------------------+
; Analysis & Synthesis Source Files Read                                                                                                                     ;
+----------------------------------+-----------------+------------------------------------+------------------------------------------------------------------+
; File Name with User-Entered Path ; Used in Netlist ; File Type                          ; File Name with Absolute Path                                     ;
+----------------------------------+-----------------+------------------------------------+------------------------------------------------------------------+
; ALU.bdf                          ; yes             ; User Block Diagram/Schematic File  ; D:/杂项/学校/大学/课内/作业/计组实践/本体/ALU.bdf                ;
; lpm_mux1.tdf                     ; yes             ; Auto-Found Wizard-Generated File   ; D:/杂项/学校/大学/课内/作业/计组实践/本体/lpm_mux1.tdf           ;
; lpm_mux.inc                      ; yes             ; Auto-Found AHDL File               ; c:/altera/91sp2/quartus/libraries/megafunctions/lpm_mux.inc      ;
; lpm_mux.tdf                      ; yes             ; Megafunction                       ; c:/altera/91sp2/quartus/libraries/megafunctions/lpm_mux.tdf      ;
; db/mux_prc.tdf                   ; yes             ; Auto-Generated Megafunction        ; D:/杂项/学校/大学/课内/作业/计组实践/本体/db/mux_prc.tdf         ;
; lpm_add_sub0.tdf                 ; yes             ; Auto-Found Wizard-Generated File   ; D:/杂项/学校/大学/课内/作业/计组实践/本体/lpm_add_sub0.tdf       ;
; lpm_add_sub.inc                  ; yes             ; Auto-Found AHDL File               ; c:/altera/91sp2/quartus/libraries/megafunctions/lpm_add_sub.inc  ;
; lpm_add_sub.tdf                  ; yes             ; Megafunction                       ; c:/altera/91sp2/quartus/libraries/megafunctions/lpm_add_sub.tdf  ;
; db/add_sub_76i.tdf               ; yes             ; Auto-Generated Megafunction        ; D:/杂项/学校/大学/课内/作业/计组实践/本体/db/add_sub_76i.tdf     ;
; lpm_or0.tdf                      ; yes             ; Auto-Found Wizard-Generated File   ; D:/杂项/学校/大学/课内/作业/计组实践/本体/lpm_or0.tdf            ;
; lpm_or.inc                       ; yes             ; Auto-Found AHDL File               ; c:/altera/91sp2/quartus/libraries/megafunctions/lpm_or.inc       ;
; lpm_or.tdf                       ; yes             ; Megafunction                       ; c:/altera/91sp2/quartus/libraries/megafunctions/lpm_or.tdf       ;
; lpm_mux0.tdf                     ; yes             ; Auto-Found Wizard-Generated File   ; D:/杂项/学校/大学/课内/作业/计组实践/本体/lpm_mux0.tdf           ;
; db/mux_0qc.tdf                   ; yes             ; Auto-Generated Megafunction        ; D:/杂项/学校/大学/课内/作业/计组实践/本体/db/mux_0qc.tdf         ;
; lpm_or1.tdf                      ; yes             ; Auto-Found Wizard-Generated File   ; D:/杂项/学校/大学/课内/作业/计组实践/本体/lpm_or1.tdf            ;
; lpm_clshift1.tdf                 ; yes             ; Auto-Found Wizard-Generated File   ; D:/杂项/学校/大学/课内/作业/计组实践/本体/lpm_clshift1.tdf       ;
; lpm_clshift.inc                  ; yes             ; Auto-Found AHDL File               ; c:/altera/91sp2/quartus/libraries/megafunctions/lpm_clshift.inc  ;
; lpm_clshift.tdf                  ; yes             ; Megafunction                       ; c:/altera/91sp2/quartus/libraries/megafunctions/lpm_clshift.tdf  ;
; db/lpm_clshift_ukb.tdf           ; yes             ; Auto-Generated Megafunction        ; D:/杂项/学校/大学/课内/作业/计组实践/本体/db/lpm_clshift_ukb.tdf ;
; lpm_clshift0.tdf                 ; yes             ; Auto-Found Wizard-Generated File   ; D:/杂项/学校/大学/课内/作业/计组实践/本体/lpm_clshift0.tdf       ;
; db/lpm_clshift_euc.tdf           ; yes             ; Auto-Generated Megafunction        ; D:/杂项/学校/大学/课内/作业/计组实践/本体/db/lpm_clshift_euc.tdf ;
; lpm_and0.tdf                     ; yes             ; Auto-Found Wizard-Generated File   ; D:/杂项/学校/大学/课内/作业/计组实践/本体/lpm_and0.tdf           ;
; lpm_and.inc                      ; yes             ; Auto-Found AHDL File               ; c:/altera/91sp2/quartus/libraries/megafunctions/lpm_and.inc      ;
; lpm_and.tdf                      ; yes             ; Megafunction                       ; c:/altera/91sp2/quartus/libraries/megafunctions/lpm_and.tdf      ;
; lpm_xor0.tdf                     ; yes             ; Auto-Found Wizard-Generated File   ; D:/杂项/学校/大学/课内/作业/计组实践/本体/lpm_xor0.tdf           ;
; lpm_xor.inc                      ; yes             ; Auto-Found AHDL File               ; c:/altera/91sp2/quartus/libraries/megafunctions/lpm_xor.inc      ;
; lpm_xor.tdf                      ; yes             ; Megafunction                       ; c:/altera/91sp2/quartus/libraries/megafunctions/lpm_xor.tdf      ;
+----------------------------------+-----------------+------------------------------------+------------------------------------------------------------------+


+--------------------------------------------------------+
; Analysis & Synthesis Resource Usage Summary            ;
+---------------------------------------------+----------+
; Resource                                    ; Usage    ;
+---------------------------------------------+----------+
; Estimated Total logic elements              ; 542      ;
;                                             ;          ;
; Total combinational functions               ; 542      ;
; Logic element usage by number of LUT inputs ;          ;
;     -- 4 input functions                    ; 301      ;
;     -- 3 input functions                    ; 214      ;
;     -- <=2 input functions                  ; 27       ;
;                                             ;          ;
; Logic elements by mode                      ;          ;
;     -- normal mode                          ; 509      ;
;     -- arithmetic mode                      ; 33       ;
;                                             ;          ;
; Total registers                             ; 0        ;
;     -- Dedicated logic registers            ; 0        ;
;     -- I/O registers                        ; 0        ;
;                                             ;          ;
; I/O pins                                    ; 100      ;
; Maximum fan-out node                        ; inst15~0 ;
; Maximum fan-out                             ; 127      ;
; Total fan-out                               ; 2030     ;
; Average fan-out                             ; 2.74     ;
+---------------------------------------------+----------+


+------------------------------------------------------------------------------------------------------------------------------------------------------------------------------------------------------------------------------------------------------------------+
; Analysis & Synthesis Resource Utilization by Entity                                                                                                                                                                                                              ;
+-------------------------------------------+-------------------+--------------+-------------+--------------+---------+-----------+------+--------------+-------------------------------------------------------------------------------------------+--------------+
; Compilation Hierarchy Node                ; LC Combinationals ; LC Registers ; Memory Bits ; DSP Elements ; DSP 9x9 ; DSP 18x18 ; Pins ; Virtual Pins ; Full Hierarchy Name                                                                       ; Library Name ;
+-------------------------------------------+-------------------+--------------+-------------+--------------+---------+-----------+------+--------------+-------------------------------------------------------------------------------------------+--------------+
; |ALU                                      ; 542 (4)           ; 0 (0)        ; 0           ; 0            ; 0       ; 0         ; 100  ; 0            ; |ALU                                                                                      ; work         ;
;    |lpm_add_sub0:inst|                    ; 66 (0)            ; 0 (0)        ; 0           ; 0            ; 0       ; 0         ; 0    ; 0            ; |ALU|lpm_add_sub0:inst                                                                    ; work         ;
;       |lpm_add_sub:lpm_add_sub_component| ; 66 (0)            ; 0 (0)        ; 0           ; 0            ; 0       ; 0         ; 0    ; 0            ; |ALU|lpm_add_sub0:inst|lpm_add_sub:lpm_add_sub_component                                  ; work         ;
;          |add_sub_76i:auto_generated|     ; 66 (66)           ; 0 (0)        ; 0           ; 0            ; 0       ; 0         ; 0    ; 0            ; |ALU|lpm_add_sub0:inst|lpm_add_sub:lpm_add_sub_component|add_sub_76i:auto_generated       ; work         ;
;    |lpm_clshift0:inst19|                  ; 106 (0)           ; 0 (0)        ; 0           ; 0            ; 0       ; 0         ; 0    ; 0            ; |ALU|lpm_clshift0:inst19                                                                  ; work         ;
;       |lpm_clshift:lpm_clshift_component| ; 106 (0)           ; 0 (0)        ; 0           ; 0            ; 0       ; 0         ; 0    ; 0            ; |ALU|lpm_clshift0:inst19|lpm_clshift:lpm_clshift_component                                ; work         ;
;          |lpm_clshift_euc:auto_generated| ; 106 (106)         ; 0 (0)        ; 0           ; 0            ; 0       ; 0         ; 0    ; 0            ; |ALU|lpm_clshift0:inst19|lpm_clshift:lpm_clshift_component|lpm_clshift_euc:auto_generated ; work         ;
;    |lpm_clshift1:inst20|                  ; 101 (0)           ; 0 (0)        ; 0           ; 0            ; 0       ; 0         ; 0    ; 0            ; |ALU|lpm_clshift1:inst20                                                                  ; work         ;
;       |lpm_clshift:lpm_clshift_component| ; 101 (0)           ; 0 (0)        ; 0           ; 0            ; 0       ; 0         ; 0    ; 0            ; |ALU|lpm_clshift1:inst20|lpm_clshift:lpm_clshift_component                                ; work         ;
;          |lpm_clshift_ukb:auto_generated| ; 101 (101)         ; 0 (0)        ; 0           ; 0            ; 0       ; 0         ; 0    ; 0            ; |ALU|lpm_clshift1:inst20|lpm_clshift:lpm_clshift_component|lpm_clshift_ukb:auto_generated ; work         ;
;    |lpm_mux0:inst28|                      ; 15 (0)            ; 0 (0)        ; 0           ; 0            ; 0       ; 0         ; 0    ; 0            ; |ALU|lpm_mux0:inst28                                                                      ; work         ;
;       |lpm_mux:lpm_mux_component|         ; 15 (0)            ; 0 (0)        ; 0           ; 0            ; 0       ; 0         ; 0    ; 0            ; |ALU|lpm_mux0:inst28|lpm_mux:lpm_mux_component                                            ; work         ;
;          |mux_0qc:auto_generated|         ; 15 (15)           ; 0 (0)        ; 0           ; 0            ; 0       ; 0         ; 0    ; 0            ; |ALU|lpm_mux0:inst28|lpm_mux:lpm_mux_component|mux_0qc:auto_generated                     ; work         ;
;    |lpm_mux1:inst31|                      ; 250 (0)           ; 0 (0)        ; 0           ; 0            ; 0       ; 0         ; 0    ; 0            ; |ALU|lpm_mux1:inst31                                                                      ;              ;
;       |lpm_mux:lpm_mux_component|         ; 250 (0)           ; 0 (0)        ; 0           ; 0            ; 0       ; 0         ; 0    ; 0            ; |ALU|lpm_mux1:inst31|lpm_mux:lpm_mux_component                                            ; work         ;
;          |mux_prc:auto_generated|         ; 250 (250)         ; 0 (0)        ; 0           ; 0            ; 0       ; 0         ; 0    ; 0            ; |ALU|lpm_mux1:inst31|lpm_mux:lpm_mux_component|mux_prc:auto_generated                     ;              ;
+-------------------------------------------+-------------------+--------------+-------------+--------------+---------+-----------+------+--------------+-------------------------------------------------------------------------------------------+--------------+
Note: For table entries with two numbers listed, the numbers in parentheses indicate the number of resources of the given type used by the specific entity alone. The numbers listed outside of parentheses indicate the total resources of the given type used by the specific entity and all of its sub-entities in the hierarchy.


+------------------------------------------------------+
; General Register Statistics                          ;
+----------------------------------------------+-------+
; Statistic                                    ; Value ;
+----------------------------------------------+-------+
; Total registers                              ; 0     ;
; Number of registers using Synchronous Clear  ; 0     ;
; Number of registers using Synchronous Load   ; 0     ;
; Number of registers using Asynchronous Clear ; 0     ;
; Number of registers using Asynchronous Load  ; 0     ;
; Number of registers using Clock Enable       ; 0     ;
; Number of registers using Preset             ; 0     ;
+----------------------------------------------+-------+


+---------------------------------------------------------------------------------------------------------------------------------------------------------------------------------------------------------------------+
; Multiplexer Restructuring Statistics (Restructuring Performed)                                                                                                                                                      ;
+--------------------+-----------+---------------+----------------------+------------------------+------------+-------------------------------------------------------------------------------------------------------+
; Multiplexer Inputs ; Bus Width ; Baseline Area ; Area if Restructured ; Saving if Restructured ; Registered ; Example Multiplexer Output                                                                            ;
+--------------------+-----------+---------------+----------------------+------------------------+------------+-------------------------------------------------------------------------------------------------------+
; 3:1                ; 16 bits   ; 32 LEs        ; 32 LEs               ; 0 LEs                  ; No         ; |ALU|lpm_clshift0:inst19|lpm_clshift:lpm_clshift_component|lpm_clshift_euc:auto_generated|sbit_w[172] ;
; 4:1                ; 8 bits    ; 16 LEs        ; 16 LEs               ; 0 LEs                  ; No         ; |ALU|lpm_clshift1:inst20|lpm_clshift:lpm_clshift_component|lpm_clshift_ukb:auto_generated|sbit_w[184] ;
; 5:1                ; 4 bits    ; 12 LEs        ; 12 LEs               ; 0 LEs                  ; No         ; |ALU|lpm_clshift0:inst19|lpm_clshift:lpm_clshift_component|lpm_clshift_euc:auto_generated|sbit_w[162] ;
; 6:1                ; 4 bits    ; 16 LEs        ; 16 LEs               ; 0 LEs                  ; No         ; |ALU|lpm_clshift1:inst20|lpm_clshift:lpm_clshift_component|lpm_clshift_ukb:auto_generated|sbit_w[190] ;
+--------------------+-----------+---------------+----------------------+------------------------+------------+-------------------------------------------------------------------------------------------------------+


+----------------------------------------------------------------------------------------+
; Parameter Settings for User Entity Instance: lpm_mux1:inst31|lpm_mux:lpm_mux_component ;
+------------------------+-------------+-------------------------------------------------+
; Parameter Name         ; Value       ; Type                                            ;
+------------------------+-------------+-------------------------------------------------+
; AUTO_CARRY_CHAINS      ; ON          ; AUTO_CARRY                                      ;
; IGNORE_CARRY_BUFFERS   ; OFF         ; IGNORE_CARRY                                    ;
; AUTO_CASCADE_CHAINS    ; ON          ; AUTO_CASCADE                                    ;
; IGNORE_CASCADE_BUFFERS ; OFF         ; IGNORE_CASCADE                                  ;
; LPM_WIDTH              ; 32          ; Untyped                                         ;
; LPM_SIZE               ; 7           ; Untyped                                         ;
; LPM_WIDTHS             ; 3           ; Untyped                                         ;
; LPM_PIPELINE           ; 0           ; Untyped                                         ;
; CBXI_PARAMETER         ; mux_prc     ; Untyped                                         ;
; DEVICE_FAMILY          ; Cyclone III ; Untyped                                         ;
+------------------------+-------------+-------------------------------------------------+
Note: In order to hide this table in the UI and the text report file, please set the "Show Parameter Settings Tables in Synthesis Report" option in "Analysis and Synthesis Settings -> More Settings" to "Off".


+--------------------------------------------------------------------------------------------------+
; Parameter Settings for User Entity Instance: lpm_add_sub0:inst|lpm_add_sub:lpm_add_sub_component ;
+------------------------+-------------+-----------------------------------------------------------+
; Parameter Name         ; Value       ; Type                                                      ;
+------------------------+-------------+-----------------------------------------------------------+
; LPM_WIDTH              ; 32          ; Untyped                                                   ;
; LPM_REPRESENTATION     ; SIGNED      ; Untyped                                                   ;
; LPM_DIRECTION          ; DEFAULT     ; Untyped                                                   ;
; ONE_INPUT_IS_CONSTANT  ; NO          ; Untyped                                                   ;
; LPM_PIPELINE           ; 0           ; Untyped                                                   ;
; MAXIMIZE_SPEED         ; 5           ; Untyped                                                   ;
; REGISTERED_AT_END      ; 0           ; Untyped                                                   ;
; OPTIMIZE_FOR_SPEED     ; 5           ; Untyped                                                   ;
; USE_CS_BUFFERS         ; 1           ; Untyped                                                   ;
; CARRY_CHAIN            ; MANUAL      ; Untyped                                                   ;
; CARRY_CHAIN_LENGTH     ; 48          ; CARRY_CHAIN_LENGTH                                        ;
; DEVICE_FAMILY          ; Cyclone III ; Untyped                                                   ;
; USE_WYS                ; OFF         ; Untyped                                                   ;
; STYLE                  ; FAST        ; Untyped                                                   ;
; CBXI_PARAMETER         ; add_sub_76i ; Untyped                                                   ;
; AUTO_CARRY_CHAINS      ; ON          ; AUTO_CARRY                                                ;
; IGNORE_CARRY_BUFFERS   ; OFF         ; IGNORE_CARRY                                              ;
; AUTO_CASCADE_CHAINS    ; ON          ; AUTO_CASCADE                                              ;
; IGNORE_CASCADE_BUFFERS ; OFF         ; IGNORE_CASCADE                                            ;
+------------------------+-------------+-----------------------------------------------------------+
Note: In order to hide this table in the UI and the text report file, please set the "Show Parameter Settings Tables in Synthesis Report" option in "Analysis and Synthesis Settings -> More Settings" to "Off".


+-------------------------------------------------------------------------------------+
; Parameter Settings for User Entity Instance: lpm_or0:inst21|lpm_or:lpm_or_component ;
+------------------------+-------------+----------------------------------------------+
; Parameter Name         ; Value       ; Type                                         ;
+------------------------+-------------+----------------------------------------------+
; AUTO_CARRY_CHAINS      ; ON          ; AUTO_CARRY                                   ;
; IGNORE_CARRY_BUFFERS   ; OFF         ; IGNORE_CARRY                                 ;
; AUTO_CASCADE_CHAINS    ; ON          ; AUTO_CASCADE                                 ;
; IGNORE_CASCADE_BUFFERS ; OFF         ; IGNORE_CASCADE                               ;
; LPM_WIDTH              ; 32          ; Untyped                                      ;
; LPM_SIZE               ; 2           ; Untyped                                      ;
; CARRY_CHAIN_LENGTH     ; 48          ; CARRY_CHAIN_LENGTH                           ;
; CARRY_CHAIN            ; MANUAL      ; Untyped                                      ;
; CASCADE_CHAIN          ; MANUAL      ; Untyped                                      ;
; DEVICE_FAMILY          ; Cyclone III ; Untyped                                      ;
+------------------------+-------------+----------------------------------------------+
Note: In order to hide this table in the UI and the text report file, please set the "Show Parameter Settings Tables in Synthesis Report" option in "Analysis and Synthesis Settings -> More Settings" to "Off".


+----------------------------------------------------------------------------------------+
; Parameter Settings for User Entity Instance: lpm_mux0:inst28|lpm_mux:lpm_mux_component ;
+------------------------+-------------+-------------------------------------------------+
; Parameter Name         ; Value       ; Type                                            ;
+------------------------+-------------+-------------------------------------------------+
; AUTO_CARRY_CHAINS      ; ON          ; AUTO_CARRY                                      ;
; IGNORE_CARRY_BUFFERS   ; OFF         ; IGNORE_CARRY                                    ;
; AUTO_CASCADE_CHAINS    ; ON          ; AUTO_CASCADE                                    ;
; IGNORE_CASCADE_BUFFERS ; OFF         ; IGNORE_CASCADE                                  ;
; LPM_WIDTH              ; 1           ; Untyped                                         ;
; LPM_SIZE               ; 3           ; Untyped                                         ;
; LPM_WIDTHS             ; 2           ; Untyped                                         ;
; LPM_PIPELINE           ; 0           ; Untyped                                         ;
; CBXI_PARAMETER         ; mux_0qc     ; Untyped                                         ;
; DEVICE_FAMILY          ; Cyclone III ; Untyped                                         ;
+------------------------+-------------+-------------------------------------------------+
Note: In order to hide this table in the UI and the text report file, please set the "Show Parameter Settings Tables in Synthesis Report" option in "Analysis and Synthesis Settings -> More Settings" to "Off".


+-------------------------------------------------------------------------------------+
; Parameter Settings for User Entity Instance: lpm_or1:inst27|lpm_or:lpm_or_component ;
+------------------------+-------------+----------------------------------------------+
; Parameter Name         ; Value       ; Type                                         ;
+------------------------+-------------+----------------------------------------------+
; AUTO_CARRY_CHAINS      ; ON          ; AUTO_CARRY                                   ;
; IGNORE_CARRY_BUFFERS   ; OFF         ; IGNORE_CARRY                                 ;
; AUTO_CASCADE_CHAINS    ; ON          ; AUTO_CASCADE                                 ;
; IGNORE_CASCADE_BUFFERS ; OFF         ; IGNORE_CASCADE                               ;
; LPM_WIDTH              ; 1           ; Untyped                                      ;
; LPM_SIZE               ; 32          ; Untyped                                      ;
; CARRY_CHAIN_LENGTH     ; 48          ; CARRY_CHAIN_LENGTH                           ;
; CARRY_CHAIN            ; MANUAL      ; Untyped                                      ;
; CASCADE_CHAIN          ; MANUAL      ; Untyped                                      ;
; DEVICE_FAMILY          ; Cyclone III ; Untyped                                      ;
+------------------------+-------------+----------------------------------------------+
Note: In order to hide this table in the UI and the text report file, please set the "Show Parameter Settings Tables in Synthesis Report" option in "Analysis and Synthesis Settings -> More Settings" to "Off".


+----------------------------------------------------------------------------------------------------+
; Parameter Settings for User Entity Instance: lpm_clshift1:inst20|lpm_clshift:lpm_clshift_component ;
+----------------+-----------------+-----------------------------------------------------------------+
; Parameter Name ; Value           ; Type                                                            ;
+----------------+-----------------+-----------------------------------------------------------------+
; LPM_PIPELINE   ; 0               ; Untyped                                                         ;
; LPM_SHIFTTYPE  ; LOGICAL         ; Untyped                                                         ;
; LPM_WIDTH      ; 32              ; Untyped                                                         ;
; LPM_WIDTHDIST  ; 5               ; Untyped                                                         ;
; CBXI_PARAMETER ; lpm_clshift_ukb ; Untyped                                                         ;
+----------------+-----------------+-----------------------------------------------------------------+
Note: In order to hide this table in the UI and the text report file, please set the "Show Parameter Settings Tables in Synthesis Report" option in "Analysis and Synthesis Settings -> More Settings" to "Off".


+----------------------------------------------------------------------------------------------------+
; Parameter Settings for User Entity Instance: lpm_clshift0:inst19|lpm_clshift:lpm_clshift_component ;
+----------------+-----------------+-----------------------------------------------------------------+
; Parameter Name ; Value           ; Type                                                            ;
+----------------+-----------------+-----------------------------------------------------------------+
; LPM_PIPELINE   ; 0               ; Untyped                                                         ;
; LPM_SHIFTTYPE  ; ARITHMETIC      ; Untyped                                                         ;
; LPM_WIDTH      ; 32              ; Untyped                                                         ;
; LPM_WIDTHDIST  ; 5               ; Untyped                                                         ;
; CBXI_PARAMETER ; lpm_clshift_euc ; Untyped                                                         ;
+----------------+-----------------+-----------------------------------------------------------------+
Note: In order to hide this table in the UI and the text report file, please set the "Show Parameter Settings Tables in Synthesis Report" option in "Analysis and Synthesis Settings -> More Settings" to "Off".


+----------------------------------------------------------------------------------------+
; Parameter Settings for User Entity Instance: lpm_and0:inst22|lpm_and:lpm_and_component ;
+------------------------+-------------+-------------------------------------------------+
; Parameter Name         ; Value       ; Type                                            ;
+------------------------+-------------+-------------------------------------------------+
; AUTO_CARRY_CHAINS      ; ON          ; AUTO_CARRY                                      ;
; IGNORE_CARRY_BUFFERS   ; OFF         ; IGNORE_CARRY                                    ;
; AUTO_CASCADE_CHAINS    ; ON          ; AUTO_CASCADE                                    ;
; IGNORE_CASCADE_BUFFERS ; OFF         ; IGNORE_CASCADE                                  ;
; LPM_WIDTH              ; 32          ; Untyped                                         ;
; LPM_SIZE               ; 2           ; Untyped                                         ;
; CARRY_CHAIN_LENGTH     ; 48          ; CARRY_CHAIN_LENGTH                              ;
; CARRY_CHAIN            ; MANUAL      ; Untyped                                         ;
; CASCADE_CHAIN          ; MANUAL      ; Untyped                                         ;
; DEVICE_FAMILY          ; Cyclone III ; Untyped                                         ;
+------------------------+-------------+-------------------------------------------------+
Note: In order to hide this table in the UI and the text report file, please set the "Show Parameter Settings Tables in Synthesis Report" option in "Analysis and Synthesis Settings -> More Settings" to "Off".


+----------------------------------------------------------------------------------------+
; Parameter Settings for User Entity Instance: lpm_xor0:inst23|lpm_xor:lpm_xor_component ;
+----------------+-------+---------------------------------------------------------------+
; Parameter Name ; Value ; Type                                                          ;
+----------------+-------+---------------------------------------------------------------+
; LPM_WIDTH      ; 32    ; Untyped                                                       ;
; LPM_SIZE       ; 2     ; Untyped                                                       ;
+----------------+-------+---------------------------------------------------------------+
Note: In order to hide this table in the UI and the text report file, please set the "Show Parameter Settings Tables in Synthesis Report" option in "Analysis and Synthesis Settings -> More Settings" to "Off".


+-------------------------------+
; Analysis & Synthesis Messages ;
+-------------------------------+
Info: *******************************************************************
Info: Running Quartus II Analysis & Synthesis
    Info: Version 9.1 Build 350 03/24/2010 Service Pack 2 SJ Web Edition
    Info: Processing started: Wed Mar 18 17:39:28 2026
Info: Command: quartus_map --read_settings_files=on --write_settings_files=off COPE -c COPE
Info: Found 1 design units, including 1 entities, in source file alu.bdf
    Info: Found entity 1: ALU
Info: Elaborating entity "ALU" for the top level hierarchy
Warning: Using design file lpm_mux1.tdf, which is not specified as a design file for the current project, but contains definitions for 1 design units and 1 entities in project
    Info: Found entity 1: lpm_mux1
Info: Elaborating entity "lpm_mux1" for hierarchy "lpm_mux1:inst31"
Info: Elaborating entity "lpm_mux" for hierarchy "lpm_mux1:inst31|lpm_mux:lpm_mux_component"
Info: Elaborated megafunction instantiation "lpm_mux1:inst31|lpm_mux:lpm_mux_component"
Info: Instantiated megafunction "lpm_mux1:inst31|lpm_mux:lpm_mux_component" with the following parameter:
    Info: Parameter "LPM_TYPE" = "LPM_MUX"
    Info: Parameter "LPM_WIDTH" = "32"
    Info: Parameter "LPM_SIZE" = "7"
    Info: Parameter "LPM_WIDTHS" = "3"
Info: Found 1 design units, including 1 entities, in source file db/mux_prc.tdf
    Info: Found entity 1: mux_prc
Info: Elaborating entity "mux_prc" for hierarchy "lpm_mux1:inst31|lpm_mux:lpm_mux_component|mux_prc:auto_generated"
Warning: Using design file lpm_add_sub0.tdf, which is not specified as a design file for the current project, but contains definitions for 1 design units and 1 entities in project
    Info: Found entity 1: lpm_add_sub0
Info: Elaborating entity "lpm_add_sub0" for hierarchy "lpm_add_sub0:inst"
Info: Elaborating entity "lpm_add_sub" for hierarchy "lpm_add_sub0:inst|lpm_add_sub:lpm_add_sub_component"
Info: Elaborated megafunction instantiation "lpm_add_sub0:inst|lpm_add_sub:lpm_add_sub_component"
Info: Instantiated megafunction "lpm_add_sub0:inst|lpm_add_sub:lpm_add_sub_component" with the following parameter:
    Info: Parameter "LPM_TYPE" = "LPM_ADD_SUB"
    Info: Parameter "LPM_HINT" = "ONE_INPUT_IS_CONSTANT=NO,CIN_USED=YES"
    Info: Parameter "LPM_WIDTH" = "32"
    Info: Parameter "LPM_REPRESENTATION" = "SIGNED"
    Info: Parameter "LPM_DIRECTION" = "UNUSED"
Info: Found 1 design units, including 1 entities, in source file db/add_sub_76i.tdf
    Info: Found entity 1: add_sub_76i
Info: Elaborating entity "add_sub_76i" for hierarchy "lpm_add_sub0:inst|lpm_add_sub:lpm_add_sub_component|add_sub_76i:auto_generated"
Warning: Using design file lpm_or0.tdf, which is not specified as a design file for the current project, but contains definitions for 1 design units and 1 entities in project
    Info: Found entity 1: lpm_or0
Info: Elaborating entity "lpm_or0" for hierarchy "lpm_or0:inst21"
Info: Elaborating entity "lpm_or" for hierarchy "lpm_or0:inst21|lpm_or:lpm_or_component"
Info: Elaborated megafunction instantiation "lpm_or0:inst21|lpm_or:lpm_or_component"
Info: Instantiated megafunction "lpm_or0:inst21|lpm_or:lpm_or_component" with the following parameter:
    Info: Parameter "LPM_TYPE" = "LPM_OR"
    Info: Parameter "LPM_WIDTH" = "32"
    Info: Parameter "LPM_SIZE" = "2"
Warning: Using design file lpm_mux0.tdf, which is not specified as a design file for the current project, but contains definitions for 1 design units and 1 entities in project
    Info: Found entity 1: lpm_mux0
Info: Elaborating entity "lpm_mux0" for hierarchy "lpm_mux0:inst28"
Info: Elaborating entity "lpm_mux" for hierarchy "lpm_mux0:inst28|lpm_mux:lpm_mux_component"
Info: Elaborated megafunction instantiation "lpm_mux0:inst28|lpm_mux:lpm_mux_component"
Info: Instantiated megafunction "lpm_mux0:inst28|lpm_mux:lpm_mux_component" with the following parameter:
    Info: Parameter "LPM_TYPE" = "LPM_MUX"
    Info: Parameter "LPM_WIDTH" = "1"
    Info: Parameter "LPM_SIZE" = "3"
    Info: Parameter "LPM_WIDTHS" = "2"
Info: Found 1 design units, including 1 entities, in source file db/mux_0qc.tdf
    Info: Found entity 1: mux_0qc
Info: Elaborating entity "mux_0qc" for hierarchy "lpm_mux0:inst28|lpm_mux:lpm_mux_component|mux_0qc:auto_generated"
Warning: Using design file lpm_or1.tdf, which is not specified as a design file for the current project, but contains definitions for 1 design units and 1 entities in project
    Info: Found entity 1: lpm_or1
Info: Elaborating entity "lpm_or1" for hierarchy "lpm_or1:inst27"
Info: Elaborating entity "lpm_or" for hierarchy "lpm_or1:inst27|lpm_or:lpm_or_component"
Info: Elaborated megafunction instantiation "lpm_or1:inst27|lpm_or:lpm_or_component"
Info: Instantiated megafunction "lpm_or1:inst27|lpm_or:lpm_or_component" with the following parameter:
    Info: Parameter "LPM_TYPE" = "LPM_OR"
    Info: Parameter "LPM_WIDTH" = "1"
    Info: Parameter "LPM_SIZE" = "32"
Warning: Using design file lpm_clshift1.tdf, which is not specified as a design file for the current project, but contains definitions for 1 design units and 1 entities in project
    Info: Found entity 1: lpm_clshift1
Info: Elaborating entity "lpm_clshift1" for hierarchy "lpm_clshift1:inst20"
Info: Elaborating entity "lpm_clshift" for hierarchy "lpm_clshift1:inst20|lpm_clshift:lpm_clshift_component"
Info: Elaborated megafunction instantiation "lpm_clshift1:inst20|lpm_clshift:lpm_clshift_component"
Info: Instantiated megafunction "lpm_clshift1:inst20|lpm_clshift:lpm_clshift_component" with the following parameter:
    Info: Parameter "LPM_TYPE" = "LPM_CLSHIFT"
    Info: Parameter "LPM_SHIFTTYPE" = "LOGICAL"
    Info: Parameter "LPM_WIDTH" = "32"
    Info: Parameter "LPM_WIDTHDIST" = "5"
Info: Found 1 design units, including 1 entities, in source file db/lpm_clshift_ukb.tdf
    Info: Found entity 1: lpm_clshift_ukb
Info: Elaborating entity "lpm_clshift_ukb" for hierarchy "lpm_clshift1:inst20|lpm_clshift:lpm_clshift_component|lpm_clshift_ukb:auto_generated"
Warning: Using design file lpm_clshift0.tdf, which is not specified as a design file for the current project, but contains definitions for 1 design units and 1 entities in project
    Info: Found entity 1: lpm_clshift0
Info: Elaborating entity "lpm_clshift0" for hierarchy "lpm_clshift0:inst19"
Info: Elaborating entity "lpm_clshift" for hierarchy "lpm_clshift0:inst19|lpm_clshift:lpm_clshift_component"
Info: Elaborated megafunction instantiation "lpm_clshift0:inst19|lpm_clshift:lpm_clshift_component"
Info: Instantiated megafunction "lpm_clshift0:inst19|lpm_clshift:lpm_clshift_component" with the following parameter:
    Info: Parameter "LPM_TYPE" = "LPM_CLSHIFT"
    Info: Parameter "LPM_SHIFTTYPE" = "ARITHMETIC"
    Info: Parameter "LPM_WIDTH" = "32"
    Info: Parameter "LPM_WIDTHDIST" = "5"
Info: Found 1 design units, including 1 entities, in source file db/lpm_clshift_euc.tdf
    Info: Found entity 1: lpm_clshift_euc
Info: Elaborating entity "lpm_clshift_euc" for hierarchy "lpm_clshift0:inst19|lpm_clshift:lpm_clshift_component|lpm_clshift_euc:auto_generated"
Warning: Using design file lpm_and0.tdf, which is not specified as a design file for the current project, but contains definitions for 1 design units and 1 entities in project
    Info: Found entity 1: lpm_and0
Info: Elaborating entity "lpm_and0" for hierarchy "lpm_and0:inst22"
Info: Elaborating entity "lpm_and" for hierarchy "lpm_and0:inst22|lpm_and:lpm_and_component"
Info: Elaborated megafunction instantiation "lpm_and0:inst22|lpm_and:lpm_and_component"
Info: Instantiated megafunction "lpm_and0:inst22|lpm_and:lpm_and_component" with the following parameter:
    Info: Parameter "LPM_TYPE" = "LPM_AND"
    Info: Parameter "LPM_WIDTH" = "32"
    Info: Parameter "LPM_SIZE" = "2"
Warning: Using design file lpm_xor0.tdf, which is not specified as a design file for the current project, but contains definitions for 1 design units and 1 entities in project
    Info: Found entity 1: lpm_xor0
Info: Elaborating entity "lpm_xor0" for hierarchy "lpm_xor0:inst23"
Info: Elaborating entity "lpm_xor" for hierarchy "lpm_xor0:inst23|lpm_xor:lpm_xor_component"
Info: Elaborated megafunction instantiation "lpm_xor0:inst23|lpm_xor:lpm_xor_component"
Info: Instantiated megafunction "lpm_xor0:inst23|lpm_xor:lpm_xor_component" with the following parameter:
    Info: Parameter "LPM_TYPE" = "LPM_XOR"
    Info: Parameter "LPM_WIDTH" = "32"
    Info: Parameter "LPM_SIZE" = "2"
Info: Timing-Driven Synthesis is running
Info: Implemented 642 device resources after synthesis - the final resource count might be different
    Info: Implemented 68 input pins
    Info: Implemented 32 output pins
    Info: Implemented 542 logic cells
Info: Quartus II Analysis & Synthesis was successful. 0 errors, 9 warnings
    Info: Peak virtual memory: 236 megabytes
    Info: Processing ended: Wed Mar 18 17:39:33 2026
    Info: Elapsed time: 00:00:05
    Info: Total CPU time (on all processors): 00:00:02


