Flow report for COPE
Wed Mar 18 17:39:57 2026
Quartus II Version 9.1 Build 350 03/24/2010 Service Pack 2 SJ Web Edition


---------------------
; Table of Contents ;
---------------------
  1. Legal Notice
  2. Flow Summary
  3. Flow Settings
  4. Flow Non-Default Global Settings
  5. Flow Elapsed Time
  6. Flow OS Summary
  7. Flow Log



----------------
; Legal Notice ;
----------------
Copyright (C) 1991-2010 Altera Corporation
Your use of Altera Corporation's design tools, logic functions 
and other software and tools, and its AMPP partner logic 
functions, and any output files from any of the foregoing 
(including device programming or simulation files), and any 
associated documentation or information are expressly subject 
to the terms and conditions of the Altera Program License 
Subscription Agreement, Altera MegaCore Function License 
Agreement, or other applicable license agreement, including, 
without limitation, that your use is for the sole purpose of 
programming logic devices manufactured by Altera and sold by 
Altera or its authorized distributors.  Please refer to the 
applicable agreement for further details.



+-----------------------------------------------------------------------------------+
; Flow Summary                                                                      ;
+------------------------------------+----------------------------------------------+
; Flow Status                        ; Successful - Wed Mar 18 17:39:57 2026        ;
; Quartus II Version                 ; 9.1 Build 350 03/24/2010 SP 2 SJ Web Edition ;
; Revision Name                      ; COPE                                         ;
; Top-level Entity Name              ; ALU                                          ;
; Family                             ; Cyclone III                                  ;
; Device                             ; EP3C120F780C8                                ;
; Timing Models                      ; Final                                        ;
; Met timing requirements            ; N/A                                          ;
; Total logic elements               ; 542 / 119,088 ( < 1 % )                      ;
;     Total combinational functions  ; 542 / 119,088 ( < 1 % )                      ;
;     Dedicated logic registers      ; 0 / 119,088 ( 0 % )                          ;
; Total registers                    ; 0                                            ;
; Total pins                         ; 100 / 532 ( 19 % )                           ;
; Total virtual pins                 ; 0                                            ;
; Total memory bits                  ; 0 / 3,981,312 ( 0 % )                        ;
; Embedded Multiplier 9-bit elements ; 0 / 576 ( 0 % )                              ;
; Total PLLs                         ; 0 / 4 ( 0 % )                                ;
+------------------------------------+----------------------------------------------+


+-----------------------------------------+
; Flow Settings                           ;
+-------------------+---------------------+
; Option            ; Setting             ;
+-------------------+---------------------+
; Start date & time ; 03/18/2026 17:39:29 ;
; Main task         ; Compilation         ;
; Revision Name     ; COPE                ;
+-------------------+---------------------+


+--------------------------------------------------------------------------------------------------------------------+
; Flow Non-Default Global Settings                                                                                   ;
+------------------------------------+--------------------------------+---------------+-------------+----------------+
; Assignment Name                    ; Value                          ; Default Value ; Entity Name ; Section Id     ;
+------------------------------------+--------------------------------+---------------+-------------+----------------+
; COMPILER_SIGNATURE_ID              ; 71205094883282.177382676827244 ; --            ; --          ; --             ;
; IP_TOOL_NAME                       ; LPM_ADD_SUB                    ; --            ; --          ; --             ;
; IP_TOOL_NAME                       ; LPM_CLSHIFT                    ; --            ; --          ; --             ;
; IP_TOOL_NAME                       ; LPM_CLSHIFT                    ; --            ; --          ; --             ;
; IP_TOOL_NAME                       ; LPM_OR                         ; --            ; --          ; --             ;
; IP_TOOL_NAME                       ; LPM_AND                        ; --            ; --          ; --             ;
; IP_TOOL_NAME                       ; LPM_XOR                        ; --            ; --          ; --             ;
; IP_TOOL_NAME                       ; LPM_OR                         ; --            ; --          ; --             ;
; IP_TOOL_NAME                       ; LPM_MUX                        ; --            ; --          ; --             ;
; IP_TOOL_NAME                       ; LPM_MUX                        ; --            ; --          ; --             ;
; IP_TOOL_VERSION                    ; 9.1                            ; --            ; --          ; --             ;
; IP_TOOL_VERSION                    ; 9.1                            ; --            ; --          ; --             ;
; IP_TOOL_VERSION                    ; 9.1                            ; --            ; --          ; --             ;
; IP_TOOL_VERSION                    ; 9.1                            ; --            ; --          ; --             ;
; IP_TOOL_VERSION                    ; 9.1                            ; --            ; --          ; --             ;
; IP_TOOL_VERSION                    ; 9.1                            ; --            ; --          ; --             ;
; IP_TOOL_VERSION                    ; 9.1                            ; --            ; --          ; --             ;
; IP_TOOL_VERSION                    ; 9.1                            ; --            ; --          ; --             ;
; IP_TOOL_VERSION                    ; 9.1                            ; --            ; --          ; --             ;
; MAX_CORE_JUNCTION_TEMP             ; 85                             ; --            ; --          ; --             ;
; MIN_CORE_JUNCTION_TEMP             ; 0                              ; --            ; --          ; --             ;
; MISC_FILE                          ; lpm_add_sub0.tdf               ; --            ; --          ; --             ;
; MISC_FILE                          ; lpm_add_sub0.bsf               ; --            ; --          ; --             ;
; MISC_FILE                          ; lpm_add_sub0.inc               ; --            ; --          ; --             ;
; MISC_FILE                          ; lpm_clshift0.tdf               ; --            ; --          ; --             ;
; MISC_FILE                          ; lpm_clshift0.bsf               ; --            ; --          ; --             ;
; MISC_FILE                          ; lpm_clshift0.inc               ; --            ; --          ; --             ;
; MISC_FILE                          ; lpm_clshift1.tdf               ; --            ; --          ; --             ;
; MISC_FILE                          ; lpm_clshift1.bsf               ; --            ; --          ; --             ;
; MISC_FILE                          ; lpm_clshift1.inc               ; --            ; --          ; --             ;
; MISC_FILE                          ; lpm_or0.tdf                    ; --            ; --          ; --             ;
; MISC_FILE                          ; lpm_or0.bsf                    ; --            ; --          ; --             ;
; MISC_FILE                          ; lpm_or0.inc                    ; --            ; --          ; --             ;
; MISC_FILE                          ; lpm_and0.tdf                   ; --            ; --          ; --             ;
; MISC_FILE                          ; lpm_and0.bsf                   ; --            ; --          ; --             ;
; MISC_FILE                          ; lpm_and0.inc                   ; --            ; --          ; --             ;
; MISC_FILE                          ; lpm_xor0.tdf                   ; --            ; --          ; --             ;
; MISC_FILE                          ; lpm_xor0.bsf                   ; --            ; --          ; --             ;
; MISC_FILE                          ; lpm_xor0.inc                   ; --            ; --          ; --             ;
; MISC_FILE                          ; lpm_or1.tdf                    ; --            ; --          ; --             ;
; MISC_FILE                          ; lpm_or1.bsf                    ; --            ; --          ; --             ;
; MISC_FILE                          ; lpm_or1.inc                    ; --            ; --          ; --             ;
; MISC_FILE                          ; lpm_mux0.tdf                   ; --            ; --          ; --             ;
; MISC_FILE                          ; lpm_mux0.bsf                   ; --            ; --          ; --             ;
; MISC_FILE                          ; lpm_mux0.inc                   ; --            ; --          ; --             ;
; MISC_FILE                          ; lpm_mux1.tdf                   ; --            ; --          ; --             ;
; MISC_FILE                          ; lpm_mux1.bsf                   ; --            ; --          ; --             ;
; MISC_FILE                          ; lpm_mux1.inc                   ; --            ; --          ; --             ;
; NOMINAL_CORE_SUPPLY_VOLTAGE        ; 1.2V                           ; --            ; --          ; --             ;
; PARTITION_COLOR                    ; 16764057                       ; --            ; ALU         ; Top            ;
; PARTITION_NETLIST_TYPE             ; SOURCE                         ; --            ; ALU         ; Top            ;
; TOP_LEVEL_ENTITY                   ; ALU                            ; COPE          ; --          ; --             ;
; USE_GENERATED_PHYSICAL_CONSTRAINTS ; Off                            ; --            ; --          ; eda_blast_fpga ;
+------------------------------------+--------------------------------+---------------+-------------+----------------+


+-------------------------------------------------------------------------------------------------------------------------------+
; Flow Elapsed Time                                                                                                             ;
+---------------------------+--------------+-------------------------+---------------------+------------------------------------+
; Module Name               ; Elapsed Time ; Average Processors Used ; Peak Virtual Memory ; Total CPU Time (on all processors) ;
+---------------------------+--------------+-------------------------+---------------------+------------------------------------+
; Analysis & Synthesis      ; 00:00:05     ; 1.0                     ; 236 MB              ; 00:00:02                           ;
; Fitter                    ; 00:00:14     ; 1.0                     ; 413 MB              ; 00:00:06                           ;
; Assembler                 ; 00:00:07     ; 1.0                     ; 455 MB              ; 00:00:02                           ;
; TimeQuest Timing Analyzer ; 00:00:05     ; 1.0                     ; 323 MB              ; 00:00:02                           ;
; Total                     ; 00:00:26     ; --                      ; --                  ; 00:00:10                           ;
+---------------------------+--------------+-------------------------+---------------------+------------------------------------+


+--------------------------------------------------------------------------------------------+
; Flow OS Summary                                                                            ;
+---------------------------+------------------+---------------+------------+----------------+
; Module Name               ; Machine Hostname ; OS Name       ; OS Version ; Processor type ;
+---------------------------+------------------+---------------+------------+----------------+
; Analysis & Synthesis      ; NEVERMORE        ; Windows Vista ; 6.2        ; x86_64         ;
; Fitter                    ; NEVERMORE        ; Windows Vista ; 6.2        ; x86_64         ;
; TimeQuest Timing Analyzer ; NEVERMORE        ; Windows Vista ; 6.2        ; x86_64         ;
; Assembler                 ; NEVERMORE        ; Windows Vista ; 6.2        ; x86_64         ;
+---------------------------+------------------+---------------+------------+----------------+


------------
; Flow Log ;
------------
quartus_map --read_settings_files=on --write_settings_files=off COPE -c COPE
quartus_fit --read_settings_files=off --write_settings_files=off COPE -c COPE
quartus_sta COPE -c COPE
quartus_asm --read_settings_files=off --write_settings_files=off COPE -c COPE



